// Vitest Snapshot v1, https://vitest.dev/guide/snapshot.html

exports[`getMeApi 1`] = `
{
  "data": {
    "code": "jGST52",
    "hasCouple": false,
    "hasRestorableCouple": false,
    "isRegistered": true,
    "nickname": "Clotilde",
    "restoreEnabled": false,
    "thumbnail": "https://avatars.githubusercontent.com/u/96826158",
  },
  "message": "success",
  "status": 200,
  "timestamp": "2022-07-14T14:31:39.894Z",
}
`;

exports[`getUserProfileByCodeApi 1`] = `
{
  "data": {
    "hasCouple": false,
    "nickname": "Yasmin",
    "profileImageUrl": "https://avatars.githubusercontent.com/u/28044399",
    "userCode": "GjGP1K",
  },
  "message": "success",
  "status": 200,
  "timestamp": "2022-02-07T16:15:35.240Z",
}
`;
