// Vitest Snapshot v1, https://vitest.dev/guide/snapshot.html

exports[`getMeApi 1`] = `
{
  "data": {
    "code": "i95blo",
    "isRegistered": true,
    "nickname": "Hayley",
    "restoreEnabled": true,
    "thumbnail": "https://avatars.githubusercontent.com/u/11437",
  },
  "message": "success",
  "status": 200,
  "timestamp": "2022-07-16T16:02:03.985Z",
}
`;

exports[`getUserProfileByCodeApi 1`] = `
{
  "data": {
    "hasCouple": true,
    "nickname": "Haylie",
    "profileImageUrl": "https://avatars.githubusercontent.com/u/14038693",
    "userCode": "pGcS1F",
  },
  "message": "success",
  "status": 200,
  "timestamp": "2022-10-20T06:31:19.917Z",
}
`;
