// Vitest Snapshot v1, https://vitest.dev/guide/snapshot.html

exports[`Folder들이 정상적으로 렌더링된다. 1`] = `
<ul
  class="_wrapper_72e067"
  data-testid="folder-list"
>
  <li
    class="_wrapper_59368e"
  >
    <button
      class="_createFolderButton_59368e"
      data-testid="create-folder-button"
      type="button"
    >
      <div
        class="_plusIconWrapper_59368e"
      >
        <svg
          class="_plusIcon_59368e"
          viewBox="0 0 24 24"
        >
          <symbol
            fill="none"
            id="d711b609"
            viewBox="0 0 24 24"
            xmlns="http://www.w3.org/2000/svg"
          >
            <path
              d="M5 12H19M12 5V19"
              stroke="#101010"
              stroke-linecap="round"
              stroke-linejoin="round"
              stroke-width="1.5"
            />
          </symbol>
          <use
            href="#d711b609"
          />
        </svg>
      </div>
      <span
        class="_text_59368e"
      >
        새로운 폴더
      </span>
    </button>
  </li>
  <li
    class="_item_72e067"
    data-testid="folder-item-7862585778157816"
  >
    <a
      data-testid="folder-link-7862585778157816"
      href="/my-page/bookmarks/folders/7862585778157816"
    >
      <div
        class="_wrapper_ffd8a1 _thumbnail_72e067"
        style="--count: 3;"
      >
        <div
          class="_imageWrapper_ffd8a1"
        >
          <img
            alt="Image 1"
            class="_image_ffd8a1"
            data-nimg="fill"
            data-testid="fallback-handler-image"
            decoding="async"
            loading="lazy"
            sizes="100vw"
            src="http://localhost:3000/_next/image?url=https%3A%2F%2Fpicsum.photos%2Fseed%2FEHBN2%2F640%2F480&w=3840&q=75"
            srcset="/_next/image?url=https%3A%2F%2Fpicsum.photos%2Fseed%2FEHBN2%2F640%2F480&w=640&q=75 640w, /_next/image?url=https%3A%2F%2Fpicsum.photos%2Fseed%2FEHBN2%2F640%2F480&w=750&q=75 750w, /_next/image?url=https%3A%2F%2Fpicsum.photos%2Fseed%2FEHBN2%2F640%2F480&w=828&q=75 828w, /_next/image?url=https%3A%2F%2Fpicsum.photos%2Fseed%2FEHBN2%2F640%2F480&w=1080&q=75 1080w, /_next/image?url=https%3A%2F%2Fpicsum.photos%2Fseed%2FEHBN2%2F640%2F480&w=1200&q=75 1200w, /_next/image?url=https%3A%2F%2Fpicsum.photos%2Fseed%2FEHBN2%2F640%2F480&w=1920&q=75 1920w, /_next/image?url=https%3A%2F%2Fpicsum.photos%2Fseed%2FEHBN2%2F640%2F480&w=2048&q=75 2048w, /_next/image?url=https%3A%2F%2Fpicsum.photos%2Fseed%2FEHBN2%2F640%2F480&w=3840&q=75 3840w"
            style="position: absolute; height: 100%; width: 100%; left: 0px; top: 0px; right: 0px; bottom: 0px; color: transparent;"
          />
        </div>
        <div
          class="_imageWrapper_ffd8a1"
        >
          <img
            alt="Image 2"
            class="_image_ffd8a1"
            data-nimg="fill"
            data-testid="fallback-handler-image"
            decoding="async"
            loading="lazy"
            sizes="100vw"
            src="http://localhost:3000/_next/image?url=https%3A%2F%2Fpicsum.photos%2Fseed%2FgfDlNrMZi%2F640%2F480&w=3840&q=75"
            srcset="/_next/image?url=https%3A%2F%2Fpicsum.photos%2Fseed%2FgfDlNrMZi%2F640%2F480&w=640&q=75 640w, /_next/image?url=https%3A%2F%2Fpicsum.photos%2Fseed%2FgfDlNrMZi%2F640%2F480&w=750&q=75 750w, /_next/image?url=https%3A%2F%2Fpicsum.photos%2Fseed%2FgfDlNrMZi%2F640%2F480&w=828&q=75 828w, /_next/image?url=https%3A%2F%2Fpicsum.photos%2Fseed%2FgfDlNrMZi%2F640%2F480&w=1080&q=75 1080w, /_next/image?url=https%3A%2F%2Fpicsum.photos%2Fseed%2FgfDlNrMZi%2F640%2F480&w=1200&q=75 1200w, /_next/image?url=https%3A%2F%2Fpicsum.photos%2Fseed%2FgfDlNrMZi%2F640%2F480&w=1920&q=75 1920w, /_next/image?url=https%3A%2F%2Fpicsum.photos%2Fseed%2FgfDlNrMZi%2F640%2F480&w=2048&q=75 2048w, /_next/image?url=https%3A%2F%2Fpicsum.photos%2Fseed%2FgfDlNrMZi%2F640%2F480&w=3840&q=75 3840w"
            style="position: absolute; height: 100%; width: 100%; left: 0px; top: 0px; right: 0px; bottom: 0px; color: transparent;"
          />
        </div>
        <div
          class="_imageWrapper_ffd8a1"
        >
          <img
            alt="Image 3"
            class="_image_ffd8a1"
            data-nimg="fill"
            data-testid="fallback-handler-image"
            decoding="async"
            loading="lazy"
            sizes="100vw"
            src="http://localhost:3000/_next/image?url=https%3A%2F%2Floremflickr.com%2F640%2F480%3Flock%3D8118264676176948&w=3840&q=75"
            srcset="/_next/image?url=https%3A%2F%2Floremflickr.com%2F640%2F480%3Flock%3D8118264676176948&w=640&q=75 640w, /_next/image?url=https%3A%2F%2Floremflickr.com%2F640%2F480%3Flock%3D8118264676176948&w=750&q=75 750w, /_next/image?url=https%3A%2F%2Floremflickr.com%2F640%2F480%3Flock%3D8118264676176948&w=828&q=75 828w, /_next/image?url=https%3A%2F%2Floremflickr.com%2F640%2F480%3Flock%3D8118264676176948&w=1080&q=75 1080w, /_next/image?url=https%3A%2F%2Floremflickr.com%2F640%2F480%3Flock%3D8118264676176948&w=1200&q=75 1200w, /_next/image?url=https%3A%2F%2Floremflickr.com%2F640%2F480%3Flock%3D8118264676176948&w=1920&q=75 1920w, /_next/image?url=https%3A%2F%2Floremflickr.com%2F640%2F480%3Flock%3D8118264676176948&w=2048&q=75 2048w, /_next/image?url=https%3A%2F%2Floremflickr.com%2F640%2F480%3Flock%3D8118264676176948&w=3840&q=75 3840w"
            style="position: absolute; height: 100%; width: 100%; left: 0px; top: 0px; right: 0px; bottom: 0px; color: transparent;"
          />
        </div>
      </div>
      <span
        class="_name_72e067"
      >
        tutamen fugiat
        <span
          class="_count_72e067"
        >
          8555091817468914
        </span>
      </span>
    </a>
  </li>
  <li
    class="_item_72e067"
    data-testid="folder-item-5734022677261925"
  >
    <a
      data-testid="folder-link-5734022677261925"
      href="/my-page/bookmarks/folders/5734022677261925"
    >
      <div
        class="_wrapper_ffd8a1 _thumbnail_72e067"
        style="--count: 2;"
      >
        <div
          class="_imageWrapper_ffd8a1"
        >
          <img
            alt="Image 1"
            class="_image_ffd8a1"
            data-nimg="fill"
            data-testid="fallback-handler-image"
            decoding="async"
            loading="lazy"
            sizes="100vw"
            src="http://localhost:3000/_next/image?url=https%3A%2F%2Floremflickr.com%2F640%2F480%3Flock%3D1444711341433431&w=3840&q=75"
            srcset="/_next/image?url=https%3A%2F%2Floremflickr.com%2F640%2F480%3Flock%3D1444711341433431&w=640&q=75 640w, /_next/image?url=https%3A%2F%2Floremflickr.com%2F640%2F480%3Flock%3D1444711341433431&w=750&q=75 750w, /_next/image?url=https%3A%2F%2Floremflickr.com%2F640%2F480%3Flock%3D1444711341433431&w=828&q=75 828w, /_next/image?url=https%3A%2F%2Floremflickr.com%2F640%2F480%3Flock%3D1444711341433431&w=1080&q=75 1080w, /_next/image?url=https%3A%2F%2Floremflickr.com%2F640%2F480%3Flock%3D1444711341433431&w=1200&q=75 1200w, /_next/image?url=https%3A%2F%2Floremflickr.com%2F640%2F480%3Flock%3D1444711341433431&w=1920&q=75 1920w, /_next/image?url=https%3A%2F%2Floremflickr.com%2F640%2F480%3Flock%3D1444711341433431&w=2048&q=75 2048w, /_next/image?url=https%3A%2F%2Floremflickr.com%2F640%2F480%3Flock%3D1444711341433431&w=3840&q=75 3840w"
            style="position: absolute; height: 100%; width: 100%; left: 0px; top: 0px; right: 0px; bottom: 0px; color: transparent;"
          />
        </div>
        <div
          class="_imageWrapper_ffd8a1"
        >
          <img
            alt="Image 2"
            class="_image_ffd8a1"
            data-nimg="fill"
            data-testid="fallback-handler-image"
            decoding="async"
            loading="lazy"
            sizes="100vw"
            src="http://localhost:3000/_next/image?url=https%3A%2F%2Fpicsum.photos%2Fseed%2FmRGGb%2F640%2F480&w=3840&q=75"
            srcset="/_next/image?url=https%3A%2F%2Fpicsum.photos%2Fseed%2FmRGGb%2F640%2F480&w=640&q=75 640w, /_next/image?url=https%3A%2F%2Fpicsum.photos%2Fseed%2FmRGGb%2F640%2F480&w=750&q=75 750w, /_next/image?url=https%3A%2F%2Fpicsum.photos%2Fseed%2FmRGGb%2F640%2F480&w=828&q=75 828w, /_next/image?url=https%3A%2F%2Fpicsum.photos%2Fseed%2FmRGGb%2F640%2F480&w=1080&q=75 1080w, /_next/image?url=https%3A%2F%2Fpicsum.photos%2Fseed%2FmRGGb%2F640%2F480&w=1200&q=75 1200w, /_next/image?url=https%3A%2F%2Fpicsum.photos%2Fseed%2FmRGGb%2F640%2F480&w=1920&q=75 1920w, /_next/image?url=https%3A%2F%2Fpicsum.photos%2Fseed%2FmRGGb%2F640%2F480&w=2048&q=75 2048w, /_next/image?url=https%3A%2F%2Fpicsum.photos%2Fseed%2FmRGGb%2F640%2F480&w=3840&q=75 3840w"
            style="position: absolute; height: 100%; width: 100%; left: 0px; top: 0px; right: 0px; bottom: 0px; color: transparent;"
          />
        </div>
      </div>
      <span
        class="_name_72e067"
      >
        vulgo in
        <span
          class="_count_72e067"
        >
          1219826107622784
        </span>
      </span>
    </a>
  </li>
  <li
    class="_item_72e067"
    data-testid="folder-item-8914890843647150"
  >
    <a
      data-testid="folder-link-8914890843647150"
      href="/my-page/bookmarks/folders/8914890843647150"
    >
      <div
        class="_wrapper_ffd8a1 _thumbnail_72e067"
        style="--count: 2;"
      >
        <div
          class="_imageWrapper_ffd8a1"
        >
          <img
            alt="Image 1"
            class="_image_ffd8a1"
            data-nimg="fill"
            data-testid="fallback-handler-image"
            decoding="async"
            loading="lazy"
            sizes="100vw"
            src="http://localhost:3000/_next/image?url=https%3A%2F%2Floremflickr.com%2F640%2F480%3Flock%3D4580307103448241&w=3840&q=75"
            srcset="/_next/image?url=https%3A%2F%2Floremflickr.com%2F640%2F480%3Flock%3D4580307103448241&w=640&q=75 640w, /_next/image?url=https%3A%2F%2Floremflickr.com%2F640%2F480%3Flock%3D4580307103448241&w=750&q=75 750w, /_next/image?url=https%3A%2F%2Floremflickr.com%2F640%2F480%3Flock%3D4580307103448241&w=828&q=75 828w, /_next/image?url=https%3A%2F%2Floremflickr.com%2F640%2F480%3Flock%3D4580307103448241&w=1080&q=75 1080w, /_next/image?url=https%3A%2F%2Floremflickr.com%2F640%2F480%3Flock%3D4580307103448241&w=1200&q=75 1200w, /_next/image?url=https%3A%2F%2Floremflickr.com%2F640%2F480%3Flock%3D4580307103448241&w=1920&q=75 1920w, /_next/image?url=https%3A%2F%2Floremflickr.com%2F640%2F480%3Flock%3D4580307103448241&w=2048&q=75 2048w, /_next/image?url=https%3A%2F%2Floremflickr.com%2F640%2F480%3Flock%3D4580307103448241&w=3840&q=75 3840w"
            style="position: absolute; height: 100%; width: 100%; left: 0px; top: 0px; right: 0px; bottom: 0px; color: transparent;"
          />
        </div>
        <div
          class="_imageWrapper_ffd8a1"
        >
          <img
            alt="Image 2"
            class="_image_ffd8a1"
            data-nimg="fill"
            data-testid="fallback-handler-image"
            decoding="async"
            loading="lazy"
            sizes="100vw"
            src="http://localhost:3000/_next/image?url=https%3A%2F%2Floremflickr.com%2F640%2F480%3Flock%3D7193187558237158&w=3840&q=75"
            srcset="/_next/image?url=https%3A%2F%2Floremflickr.com%2F640%2F480%3Flock%3D7193187558237158&w=640&q=75 640w, /_next/image?url=https%3A%2F%2Floremflickr.com%2F640%2F480%3Flock%3D7193187558237158&w=750&q=75 750w, /_next/image?url=https%3A%2F%2Floremflickr.com%2F640%2F480%3Flock%3D7193187558237158&w=828&q=75 828w, /_next/image?url=https%3A%2F%2Floremflickr.com%2F640%2F480%3Flock%3D7193187558237158&w=1080&q=75 1080w, /_next/image?url=https%3A%2F%2Floremflickr.com%2F640%2F480%3Flock%3D7193187558237158&w=1200&q=75 1200w, /_next/image?url=https%3A%2F%2Floremflickr.com%2F640%2F480%3Flock%3D7193187558237158&w=1920&q=75 1920w, /_next/image?url=https%3A%2F%2Floremflickr.com%2F640%2F480%3Flock%3D7193187558237158&w=2048&q=75 2048w, /_next/image?url=https%3A%2F%2Floremflickr.com%2F640%2F480%3Flock%3D7193187558237158&w=3840&q=75 3840w"
            style="position: absolute; height: 100%; width: 100%; left: 0px; top: 0px; right: 0px; bottom: 0px; color: transparent;"
          />
        </div>
      </div>
      <span
        class="_name_72e067"
      >
        barba carmen
        <span
          class="_count_72e067"
        >
          6756952401984932
        </span>
      </span>
    </a>
  </li>
  <li
    class="_item_72e067"
    data-testid="folder-item-5345164316556856"
  >
    <a
      data-testid="folder-link-5345164316556856"
      href="/my-page/bookmarks/folders/5345164316556856"
    >
      <div
        class="_wrapper_ffd8a1 _thumbnail_72e067"
        style="--count: 2;"
      >
        <div
          class="_imageWrapper_ffd8a1"
        >
          <img
            alt="Image 1"
            class="_image_ffd8a1"
            data-nimg="fill"
            data-testid="fallback-handler-image"
            decoding="async"
            loading="lazy"
            sizes="100vw"
            src="http://localhost:3000/_next/image?url=https%3A%2F%2Fpicsum.photos%2Fseed%2F2HsWdg5q6%2F640%2F480&w=3840&q=75"
            srcset="/_next/image?url=https%3A%2F%2Fpicsum.photos%2Fseed%2F2HsWdg5q6%2F640%2F480&w=640&q=75 640w, /_next/image?url=https%3A%2F%2Fpicsum.photos%2Fseed%2F2HsWdg5q6%2F640%2F480&w=750&q=75 750w, /_next/image?url=https%3A%2F%2Fpicsum.photos%2Fseed%2F2HsWdg5q6%2F640%2F480&w=828&q=75 828w, /_next/image?url=https%3A%2F%2Fpicsum.photos%2Fseed%2F2HsWdg5q6%2F640%2F480&w=1080&q=75 1080w, /_next/image?url=https%3A%2F%2Fpicsum.photos%2Fseed%2F2HsWdg5q6%2F640%2F480&w=1200&q=75 1200w, /_next/image?url=https%3A%2F%2Fpicsum.photos%2Fseed%2F2HsWdg5q6%2F640%2F480&w=1920&q=75 1920w, /_next/image?url=https%3A%2F%2Fpicsum.photos%2Fseed%2F2HsWdg5q6%2F640%2F480&w=2048&q=75 2048w, /_next/image?url=https%3A%2F%2Fpicsum.photos%2Fseed%2F2HsWdg5q6%2F640%2F480&w=3840&q=75 3840w"
            style="position: absolute; height: 100%; width: 100%; left: 0px; top: 0px; right: 0px; bottom: 0px; color: transparent;"
          />
        </div>
        <div
          class="_imageWrapper_ffd8a1"
        >
          <img
            alt="Image 2"
            class="_image_ffd8a1"
            data-nimg="fill"
            data-testid="fallback-handler-image"
            decoding="async"
            loading="lazy"
            sizes="100vw"
            src="http://localhost:3000/_next/image?url=https%3A%2F%2Fpicsum.photos%2Fseed%2FHLlQqPC84%2F640%2F480&w=3840&q=75"
            srcset="/_next/image?url=https%3A%2F%2Fpicsum.photos%2Fseed%2FHLlQqPC84%2F640%2F480&w=640&q=75 640w, /_next/image?url=https%3A%2F%2Fpicsum.photos%2Fseed%2FHLlQqPC84%2F640%2F480&w=750&q=75 750w, /_next/image?url=https%3A%2F%2Fpicsum.photos%2Fseed%2FHLlQqPC84%2F640%2F480&w=828&q=75 828w, /_next/image?url=https%3A%2F%2Fpicsum.photos%2Fseed%2FHLlQqPC84%2F640%2F480&w=1080&q=75 1080w, /_next/image?url=https%3A%2F%2Fpicsum.photos%2Fseed%2FHLlQqPC84%2F640%2F480&w=1200&q=75 1200w, /_next/image?url=https%3A%2F%2Fpicsum.photos%2Fseed%2FHLlQqPC84%2F640%2F480&w=1920&q=75 1920w, /_next/image?url=https%3A%2F%2Fpicsum.photos%2Fseed%2FHLlQqPC84%2F640%2F480&w=2048&q=75 2048w, /_next/image?url=https%3A%2F%2Fpicsum.photos%2Fseed%2FHLlQqPC84%2F640%2F480&w=3840&q=75 3840w"
            style="position: absolute; height: 100%; width: 100%; left: 0px; top: 0px; right: 0px; bottom: 0px; color: transparent;"
          />
        </div>
      </div>
      <span
        class="_name_72e067"
      >
        turpis creator
        <span
          class="_count_72e067"
        >
          4603953142385102
        </span>
      </span>
    </a>
  </li>
  <li
    class="_item_72e067"
    data-testid="folder-item-4130555785070869"
  >
    <a
      data-testid="folder-link-4130555785070869"
      href="/my-page/bookmarks/folders/4130555785070869"
    >
      <div
        class="_wrapper_ffd8a1 _thumbnail_72e067"
        style="--count: 3;"
      >
        <div
          class="_imageWrapper_ffd8a1"
        >
          <img
            alt="Image 1"
            class="_image_ffd8a1"
            data-nimg="fill"
            data-testid="fallback-handler-image"
            decoding="async"
            loading="lazy"
            sizes="100vw"
            src="http://localhost:3000/_next/image?url=https%3A%2F%2Floremflickr.com%2F640%2F480%3Flock%3D4054021012154053&w=3840&q=75"
            srcset="/_next/image?url=https%3A%2F%2Floremflickr.com%2F640%2F480%3Flock%3D4054021012154053&w=640&q=75 640w, /_next/image?url=https%3A%2F%2Floremflickr.com%2F640%2F480%3Flock%3D4054021012154053&w=750&q=75 750w, /_next/image?url=https%3A%2F%2Floremflickr.com%2F640%2F480%3Flock%3D4054021012154053&w=828&q=75 828w, /_next/image?url=https%3A%2F%2Floremflickr.com%2F640%2F480%3Flock%3D4054021012154053&w=1080&q=75 1080w, /_next/image?url=https%3A%2F%2Floremflickr.com%2F640%2F480%3Flock%3D4054021012154053&w=1200&q=75 1200w, /_next/image?url=https%3A%2F%2Floremflickr.com%2F640%2F480%3Flock%3D4054021012154053&w=1920&q=75 1920w, /_next/image?url=https%3A%2F%2Floremflickr.com%2F640%2F480%3Flock%3D4054021012154053&w=2048&q=75 2048w, /_next/image?url=https%3A%2F%2Floremflickr.com%2F640%2F480%3Flock%3D4054021012154053&w=3840&q=75 3840w"
            style="position: absolute; height: 100%; width: 100%; left: 0px; top: 0px; right: 0px; bottom: 0px; color: transparent;"
          />
        </div>
        <div
          class="_imageWrapper_ffd8a1"
        >
          <img
            alt="Image 2"
            class="_image_ffd8a1"
            data-nimg="fill"
            data-testid="fallback-handler-image"
            decoding="async"
            loading="lazy"
            sizes="100vw"
            src="http://localhost:3000/_next/image?url=https%3A%2F%2Floremflickr.com%2F640%2F480%3Flock%3D4269447814075298&w=3840&q=75"
            srcset="/_next/image?url=https%3A%2F%2Floremflickr.com%2F640%2F480%3Flock%3D4269447814075298&w=640&q=75 640w, /_next/image?url=https%3A%2F%2Floremflickr.com%2F640%2F480%3Flock%3D4269447814075298&w=750&q=75 750w, /_next/image?url=https%3A%2F%2Floremflickr.com%2F640%2F480%3Flock%3D4269447814075298&w=828&q=75 828w, /_next/image?url=https%3A%2F%2Floremflickr.com%2F640%2F480%3Flock%3D4269447814075298&w=1080&q=75 1080w, /_next/image?url=https%3A%2F%2Floremflickr.com%2F640%2F480%3Flock%3D4269447814075298&w=1200&q=75 1200w, /_next/image?url=https%3A%2F%2Floremflickr.com%2F640%2F480%3Flock%3D4269447814075298&w=1920&q=75 1920w, /_next/image?url=https%3A%2F%2Floremflickr.com%2F640%2F480%3Flock%3D4269447814075298&w=2048&q=75 2048w, /_next/image?url=https%3A%2F%2Floremflickr.com%2F640%2F480%3Flock%3D4269447814075298&w=3840&q=75 3840w"
            style="position: absolute; height: 100%; width: 100%; left: 0px; top: 0px; right: 0px; bottom: 0px; color: transparent;"
          />
        </div>
        <div
          class="_imageWrapper_ffd8a1"
        >
          <img
            alt="Image 3"
            class="_image_ffd8a1"
            data-nimg="fill"
            data-testid="fallback-handler-image"
            decoding="async"
            loading="lazy"
            sizes="100vw"
            src="http://localhost:3000/_next/image?url=https%3A%2F%2Fpicsum.photos%2Fseed%2FU2L7C0x%2F640%2F480&w=3840&q=75"
            srcset="/_next/image?url=https%3A%2F%2Fpicsum.photos%2Fseed%2FU2L7C0x%2F640%2F480&w=640&q=75 640w, /_next/image?url=https%3A%2F%2Fpicsum.photos%2Fseed%2FU2L7C0x%2F640%2F480&w=750&q=75 750w, /_next/image?url=https%3A%2F%2Fpicsum.photos%2Fseed%2FU2L7C0x%2F640%2F480&w=828&q=75 828w, /_next/image?url=https%3A%2F%2Fpicsum.photos%2Fseed%2FU2L7C0x%2F640%2F480&w=1080&q=75 1080w, /_next/image?url=https%3A%2F%2Fpicsum.photos%2Fseed%2FU2L7C0x%2F640%2F480&w=1200&q=75 1200w, /_next/image?url=https%3A%2F%2Fpicsum.photos%2Fseed%2FU2L7C0x%2F640%2F480&w=1920&q=75 1920w, /_next/image?url=https%3A%2F%2Fpicsum.photos%2Fseed%2FU2L7C0x%2F640%2F480&w=2048&q=75 2048w, /_next/image?url=https%3A%2F%2Fpicsum.photos%2Fseed%2FU2L7C0x%2F640%2F480&w=3840&q=75 3840w"
            style="position: absolute; height: 100%; width: 100%; left: 0px; top: 0px; right: 0px; bottom: 0px; color: transparent;"
          />
        </div>
      </div>
      <span
        class="_name_72e067"
      >
        amplitudo acsi
        <span
          class="_count_72e067"
        >
          3556496953339194
        </span>
      </span>
    </a>
  </li>
</ul>
`;
